 
****************************************
Report : resources
Design : pit_top
Version: V-2023.12
Date   : Mon May  6 07:08:53 2024
****************************************

Resource Sharing Report for design pit_top in file ../rtl/pit_top.v

===============================================================================
|          |              |            | Contained     |                      |
| Resource | Module       | Parameters | Resources     | Contained Operations |
===============================================================================
| r68      | DW01_dec     | width=32   |               | sub_47               |
| r70      | DW01_cmp2    | width=32   |               | lt_48                |
===============================================================================


Implementation Report
===============================================================================
|                    |                  | Current            | Set            |
| Cell               | Module           | Implementation     | Implementation |
===============================================================================
| sub_47             | DW01_dec         | cla                |                |
===============================================================================

1
